mode: set
github.com/cyriljohn147/carpooling/db/sqlc/balances.sql.go:30.108,32.16 2 0
github.com/cyriljohn147/carpooling/db/sqlc/balances.sql.go:32.16,34.3 1 0
github.com/cyriljohn147/carpooling/db/sqlc/balances.sql.go:35.2,37.18 3 0
github.com/cyriljohn147/carpooling/db/sqlc/balances.sql.go:37.18,39.69 2 0
github.com/cyriljohn147/carpooling/db/sqlc/balances.sql.go:39.69,41.4 1 0
github.com/cyriljohn147/carpooling/db/sqlc/balances.sql.go:42.3,42.27 1 0
github.com/cyriljohn147/carpooling/db/sqlc/balances.sql.go:44.2,44.37 1 0
github.com/cyriljohn147/carpooling/db/sqlc/balances.sql.go:44.37,46.3 1 0
github.com/cyriljohn147/carpooling/db/sqlc/balances.sql.go:47.2,47.35 1 0
github.com/cyriljohn147/carpooling/db/sqlc/balances.sql.go:47.35,49.3 1 0
github.com/cyriljohn147/carpooling/db/sqlc/balances.sql.go:50.2,50.19 1 0
github.com/cyriljohn147/carpooling/db/sqlc/balances.sql.go:67.106,72.2 4 0
github.com/cyriljohn147/carpooling/db/sqlc/balances.sql.go:81.74,84.2 2 0
github.com/cyriljohn147/carpooling/db/sqlc/balances.sql.go:101.101,104.2 2 0
github.com/cyriljohn147/carpooling/db/sqlc/balances.sql.go:118.93,121.2 2 0
github.com/cyriljohn147/carpooling/db/sqlc/db.go:19.28,21.2 1 1
github.com/cyriljohn147/carpooling/db/sqlc/db.go:27.47,31.2 1 1
github.com/cyriljohn147/carpooling/db/sqlc/participants.sql.go:25.103,35.2 4 1
github.com/cyriljohn147/carpooling/db/sqlc/participants.sql.go:42.74,45.2 2 1
github.com/cyriljohn147/carpooling/db/sqlc/participants.sql.go:53.87,63.2 4 1
github.com/cyriljohn147/carpooling/db/sqlc/participants.sql.go:78.121,80.16 2 1
github.com/cyriljohn147/carpooling/db/sqlc/participants.sql.go:80.16,82.3 1 1
github.com/cyriljohn147/carpooling/db/sqlc/participants.sql.go:83.2,85.18 3 1
github.com/cyriljohn147/carpooling/db/sqlc/participants.sql.go:85.18,92.17 2 1
github.com/cyriljohn147/carpooling/db/sqlc/participants.sql.go:92.17,94.4 1 0
github.com/cyriljohn147/carpooling/db/sqlc/participants.sql.go:95.3,95.27 1 1
github.com/cyriljohn147/carpooling/db/sqlc/participants.sql.go:97.2,97.37 1 1
github.com/cyriljohn147/carpooling/db/sqlc/participants.sql.go:97.37,99.3 1 0
github.com/cyriljohn147/carpooling/db/sqlc/participants.sql.go:100.2,100.35 1 1
github.com/cyriljohn147/carpooling/db/sqlc/participants.sql.go:100.35,102.3 1 0
github.com/cyriljohn147/carpooling/db/sqlc/participants.sql.go:103.2,103.19 1 1
github.com/cyriljohn147/carpooling/db/sqlc/participants.sql.go:118.119,128.2 4 1
github.com/cyriljohn147/carpooling/db/sqlc/trips.sql.go:26.88,43.2 4 1
github.com/cyriljohn147/carpooling/db/sqlc/trips.sql.go:52.84,55.2 2 0
github.com/cyriljohn147/carpooling/db/sqlc/trips.sql.go:62.67,65.2 2 1
github.com/cyriljohn147/carpooling/db/sqlc/trips.sql.go:73.73,85.2 4 1
github.com/cyriljohn147/carpooling/db/sqlc/trips.sql.go:114.112,116.16 2 0
github.com/cyriljohn147/carpooling/db/sqlc/trips.sql.go:116.16,118.3 1 0
github.com/cyriljohn147/carpooling/db/sqlc/trips.sql.go:119.2,121.18 3 0
github.com/cyriljohn147/carpooling/db/sqlc/trips.sql.go:121.18,132.17 2 0
github.com/cyriljohn147/carpooling/db/sqlc/trips.sql.go:132.17,134.4 1 0
github.com/cyriljohn147/carpooling/db/sqlc/trips.sql.go:135.3,135.27 1 0
github.com/cyriljohn147/carpooling/db/sqlc/trips.sql.go:137.2,137.37 1 0
github.com/cyriljohn147/carpooling/db/sqlc/trips.sql.go:137.37,139.3 1 0
github.com/cyriljohn147/carpooling/db/sqlc/trips.sql.go:140.2,140.35 1 0
github.com/cyriljohn147/carpooling/db/sqlc/trips.sql.go:140.35,142.3 1 0
github.com/cyriljohn147/carpooling/db/sqlc/trips.sql.go:143.2,143.19 1 0
github.com/cyriljohn147/carpooling/db/sqlc/trips.sql.go:157.88,159.16 2 1
github.com/cyriljohn147/carpooling/db/sqlc/trips.sql.go:159.16,161.3 1 1
github.com/cyriljohn147/carpooling/db/sqlc/trips.sql.go:162.2,164.18 3 1
github.com/cyriljohn147/carpooling/db/sqlc/trips.sql.go:164.18,173.17 2 1
github.com/cyriljohn147/carpooling/db/sqlc/trips.sql.go:173.17,175.4 1 0
github.com/cyriljohn147/carpooling/db/sqlc/trips.sql.go:176.3,176.27 1 1
github.com/cyriljohn147/carpooling/db/sqlc/trips.sql.go:178.2,178.37 1 1
github.com/cyriljohn147/carpooling/db/sqlc/trips.sql.go:178.37,180.3 1 0
github.com/cyriljohn147/carpooling/db/sqlc/trips.sql.go:181.2,181.35 1 1
github.com/cyriljohn147/carpooling/db/sqlc/trips.sql.go:181.35,183.3 1 0
github.com/cyriljohn147/carpooling/db/sqlc/trips.sql.go:184.2,184.19 1 1
github.com/cyriljohn147/carpooling/db/sqlc/trips.sql.go:202.88,220.2 4 1
github.com/cyriljohn147/carpooling/db/sqlc/users.sql.go:25.88,37.2 4 1
github.com/cyriljohn147/carpooling/db/sqlc/users.sql.go:44.67,47.2 2 1
github.com/cyriljohn147/carpooling/db/sqlc/users.sql.go:55.73,67.2 4 1
github.com/cyriljohn147/carpooling/db/sqlc/users.sql.go:75.92,87.2 4 0
github.com/cyriljohn147/carpooling/db/sqlc/users.sql.go:95.90,107.2 4 0
github.com/cyriljohn147/carpooling/db/sqlc/users.sql.go:120.88,122.16 2 1
github.com/cyriljohn147/carpooling/db/sqlc/users.sql.go:122.16,124.3 1 1
github.com/cyriljohn147/carpooling/db/sqlc/users.sql.go:125.2,127.18 3 1
github.com/cyriljohn147/carpooling/db/sqlc/users.sql.go:127.18,136.17 2 1
github.com/cyriljohn147/carpooling/db/sqlc/users.sql.go:136.17,138.4 1 0
github.com/cyriljohn147/carpooling/db/sqlc/users.sql.go:139.3,139.27 1 1
github.com/cyriljohn147/carpooling/db/sqlc/users.sql.go:141.2,141.37 1 1
github.com/cyriljohn147/carpooling/db/sqlc/users.sql.go:141.37,143.3 1 0
github.com/cyriljohn147/carpooling/db/sqlc/users.sql.go:144.2,144.35 1 1
github.com/cyriljohn147/carpooling/db/sqlc/users.sql.go:144.35,146.3 1 0
github.com/cyriljohn147/carpooling/db/sqlc/users.sql.go:147.2,147.19 1 1
github.com/cyriljohn147/carpooling/db/sqlc/users.sql.go:164.88,181.2 4 1
